HCADSE_RESULTS=results/v1.1-submission-results/data .venv/bin/python experiments/make_paper_assets.py
Matplotlib is building the font cache; this may take a moment.
table variables
table workloads
table resources
table funnel
table baselines
table ablation
table scalability
table testbed
table stats
table baselines_S2
table baselines_S3
table baselines_compact
table stats_compact
table testbed_compact
figure funnel
figure crossover
figure scalability
figure hv_budget
figure ablation
figure pareto
figure testbed
done
HCADSE_RESULTS=results/v1.1-submission-results/data .venv/bin/python experiments/make_claims.py
Generated numerical claims from results/v1.1-submission-results/data
