RUN tests/test_core.py
RUN tests/test_regression.py
RUN tests/test_pruning_safety.py
RUN tests/test_revision.py
RUN experiments/e1_pruning.py
RUN experiments/e2_costsweep.py
RUN experiments/e3_baselines.py
RUN experiments/e4_ablation.py
RUN experiments/e5_scalability.py
RUN experiments/e6_simvalidation.py
RUN experiments/e7_calibration.py
RUN experiments/e8_stats.py
RUN experiments/e10_order.py
RUN experiments/e11_solver.py
Fresh-process E1 counters and funnel conservation: PASS
960 stochastic runs: full-call budgets and 24 statistical comparisons: PASS
Exactness, cost projection and persisted DES timing: PASS
Matplotlib is building the font cache; this may take a moment.
{'workload': 'control', 'subset': 'all', 'n': 12, 'agree_10pct': 0.896, 'pairs_10pct': 48, 'agree_25pct': 0.909, 'pairs_25pct': 44, 'measured_spread': 2.43, 'median_repeat_iqr_ms': 0.11, 'MAPE': 14.4, 'median_AE_ms': 2.49, 'spearman': 0.865, 'kendall': 0.748}
{'workload': 'control', 'subset': 'rho<=0.75', 'n': 10, 'agree_10pct': 0.815, 'pairs_10pct': 27, 'agree_25pct': 0.833, 'pairs_25pct': 24, 'measured_spread': 1.39, 'median_repeat_iqr_ms': 0.11, 'MAPE': 9.4, 'median_AE_ms': 2.32, 'spearman': 0.766, 'kendall': 0.629}
{'workload': 'sensing', 'subset': 'all', 'n': 12, 'agree_10pct': 0.935, 'pairs_10pct': 46, 'agree_25pct': 0.913, 'pairs_25pct': 23, 'measured_spread': 174.02, 'median_repeat_iqr_ms': 1.0, 'MAPE': 51.1, 'median_AE_ms': 19.15, 'spearman': 0.935, 'kendall': 0.84}
{'workload': 'sensing', 'subset': 'rho<=0.75', 'n': 10, 'agree_10pct': 1.0, 'pairs_10pct': 26, 'agree_25pct': 1.0, 'pairs_25pct': 5, 'measured_spread': 174.02, 'median_repeat_iqr_ms': 0.75, 'MAPE': 51.0, 'median_AE_ms': 18.82, 'spearman': 0.985, 'kendall': 0.944}
{'workload': 'sensing', 'subset': 'reproducible', 'n': 8, 'agree_10pct': 1.0, 'pairs_10pct': 11, 'agree_25pct': nan, 'pairs_25pct': 0, 'measured_spread': 0.2, 'median_repeat_iqr_ms': 0.67, 'MAPE': 39.3, 'median_AE_ms': 18.56, 'spearman': 0.97, 'kendall': 0.909}
{'workload': 'telemetry', 'subset': 'all', 'n': 12, 'agree_10pct': 0.815, 'pairs_10pct': 54, 'agree_25pct': 0.895, 'pairs_25pct': 38, 'measured_spread': 2.17, 'median_repeat_iqr_ms': 0.23, 'MAPE': 19.9, 'median_AE_ms': 7.43, 'spearman': 0.811, 'kendall': 0.697}
{'workload': 'telemetry', 'subset': 'rho<=0.75', 'n': 6, 'agree_10pct': 0.818, 'pairs_10pct': 11, 'agree_25pct': 1.0, 'pairs_25pct': 7, 'measured_spread': 1.89, 'median_repeat_iqr_ms': 0.2, 'MAPE': 15.4, 'median_AE_ms': 2.85, 'spearman': 0.829, 'kendall': 0.733}
{'workload': 'ALL', 'subset': 'all', 'n': 36, 'agree_10pct': 0.961, 'pairs_10pct': 561, 'agree_25pct': 0.98, 'pairs_25pct': 498, 'measured_spread': 913.31, 'median_repeat_iqr_ms': 0.27, 'MAPE': 28.4, 'median_AE_ms': 7.43, 'spearman': 0.968, 'kendall': 0.884}
{'workload': 'ALL', 'subset': 'rho<=0.75', 'n': 26, 'agree_10pct': 0.959, 'pairs_10pct': 266, 'agree_25pct': 0.982, 'pairs_25pct': 222, 'measured_spread': 715.78, 'median_repeat_iqr_ms': 0.22, 'MAPE': 26.8, 'median_AE_ms': 3.96, 'spearman': 0.945, 'kendall': 0.855}
{'workload': 'ALL', 'subset': 'reproducible', 'n': 32, 'agree_10pct': 0.956, 'pairs_10pct': 430, 'agree_25pct': 0.979, 'pairs_25pct': 379, 'measured_spread': 5.28, 'median_repeat_iqr_ms': 0.23, 'MAPE': 22.7, 'median_AE_ms': 4.5, 'spearman': 0.957, 'kendall': 0.869}
written results/e9_summary_docker.csv, results/e9_per_design_docker.csv, /Users/nikitatarasov/Science Article 2025-/Hierarchical Constraint-Aware Design-Space/results/v1.1-submission-results/validation-figures/fig7_testbed_docker.png
{'workload': 'control', 'subset': 'all', 'n': 12, 'agree_10pct': 0.896, 'pairs_10pct': 48, 'agree_25pct': 0.886, 'pairs_25pct': 44, 'measured_spread': 2.1, 'median_repeat_iqr_ms': 0.4, 'MAPE': 12.0, 'median_AE_ms': 2.43, 'spearman': 0.865, 'kendall': 0.748}
{'workload': 'control', 'subset': 'rho<=0.75', 'n': 10, 'agree_10pct': 0.852, 'pairs_10pct': 27, 'agree_25pct': 0.833, 'pairs_25pct': 24, 'measured_spread': 1.18, 'median_repeat_iqr_ms': 0.4, 'MAPE': 8.7, 'median_AE_ms': 2.43, 'spearman': 0.778, 'kendall': 0.674}
{'workload': 'control', 'subset': 'reproducible', 'n': 11, 'agree_10pct': 0.865, 'pairs_10pct': 37, 'agree_25pct': 0.853, 'pairs_25pct': 34, 'measured_spread': 1.23, 'median_repeat_iqr_ms': 0.38, 'MAPE': 10.7, 'median_AE_ms': 2.43, 'spearman': 0.825, 'kendall': 0.697}
{'workload': 'sensing', 'subset': 'all', 'n': 12, 'agree_10pct': 0.935, 'pairs_10pct': 46, 'agree_25pct': 0.913, 'pairs_25pct': 23, 'measured_spread': 154.95, 'median_repeat_iqr_ms': 3.17, 'MAPE': 46.3, 'median_AE_ms': 16.4, 'spearman': 0.921, 'kendall': 0.809}
{'workload': 'sensing', 'subset': 'rho<=0.75', 'n': 10, 'agree_10pct': 1.0, 'pairs_10pct': 26, 'agree_25pct': 1.0, 'pairs_25pct': 5, 'measured_spread': 154.95, 'median_repeat_iqr_ms': 2.15, 'MAPE': 43.0, 'median_AE_ms': 15.91, 'spearman': 0.96, 'kendall': 0.899}
{'workload': 'sensing', 'subset': 'reproducible', 'n': 8, 'agree_10pct': 1.0, 'pairs_10pct': 11, 'agree_25pct': nan, 'pairs_25pct': 0, 'measured_spread': 0.22, 'median_repeat_iqr_ms': 1.62, 'MAPE': 29.3, 'median_AE_ms': 14.92, 'spearman': 0.922, 'kendall': 0.837}
{'workload': 'telemetry', 'subset': 'all', 'n': 12, 'agree_10pct': 0.815, 'pairs_10pct': 54, 'agree_25pct': 0.895, 'pairs_25pct': 38, 'measured_spread': 2.17, 'median_repeat_iqr_ms': 0.51, 'MAPE': 17.8, 'median_AE_ms': 6.51, 'spearman': 0.776, 'kendall': 0.606}
{'workload': 'telemetry', 'subset': 'rho<=0.75', 'n': 6, 'agree_10pct': 0.818, 'pairs_10pct': 11, 'agree_25pct': 1.0, 'pairs_25pct': 7, 'measured_spread': 1.86, 'median_repeat_iqr_ms': 0.51, 'MAPE': 12.7, 'median_AE_ms': 2.72, 'spearman': 0.829, 'kendall': 0.733}
{'workload': 'telemetry', 'subset': 'reproducible', 'n': 11, 'agree_10pct': 0.783, 'pairs_10pct': 46, 'agree_25pct': 0.875, 'pairs_25pct': 32, 'measured_spread': 2.17, 'median_repeat_iqr_ms': 0.49, 'MAPE': 17.4, 'median_AE_ms': 6.4, 'spearman': 0.727, 'kendall': 0.564}
{'workload': 'ALL', 'subset': 'all', 'n': 36, 'agree_10pct': 0.961, 'pairs_10pct': 561, 'agree_25pct': 0.978, 'pairs_25pct': 498, 'measured_spread': 775.34, 'median_repeat_iqr_ms': 0.56, 'MAPE': 25.4, 'median_AE_ms': 6.51, 'spearman': 0.967, 'kendall': 0.871}
{'workload': 'ALL', 'subset': 'rho<=0.75', 'n': 26, 'agree_10pct': 0.962, 'pairs_10pct': 266, 'agree_25pct': 0.982, 'pairs_25pct': 222, 'measured_spread': 660.7, 'median_repeat_iqr_ms': 0.54, 'MAPE': 22.8, 'median_AE_ms': 4.19, 'spearman': 0.946, 'kendall': 0.855}
{'workload': 'ALL', 'subset': 'reproducible', 'n': 30, 'agree_10pct': 0.949, 'pairs_10pct': 373, 'agree_25pct': 0.972, 'pairs_25pct': 325, 'measured_spread': 4.19, 'median_repeat_iqr_ms': 0.48, 'MAPE': 18.1, 'median_AE_ms': 4.39, 'spearman': 0.947, 'kendall': 0.841}
written results/e9_summary_mean.csv, results/e9_per_design_mean.csv, /Users/nikitatarasov/Science Article 2025-/Hierarchical Constraint-Aware Design-Space/results/v1.1-submission-results/validation-figures/fig7_testbed_mean.png
WARNING: The directory '/Users/nikitatarasov/Library/Caches/pip' or its parent directory is not owned or is not writable by the current user. The cache has been disabled. Check the permissions and owner of that directory. If executing pip with sudo, you should use sudo's -H flag.
SEALED /Users/nikitatarasov/Science Article 2025-/Hierarchical Constraint-Aware Design-Space/results/v1.1-submission-results
