S2/telemetry random B=100: recall med=0.037 HV med=0.642 IGD+ med=0.1455
S2/telemetry nsga2 B=100: recall med=0.018 HV med=0.580 IGD+ med=0.1773
S2/telemetry random B=250: recall med=0.074 HV med=0.795 IGD+ med=0.1033
S2/telemetry nsga2 B=250: recall med=0.241 HV med=0.883 IGD+ med=0.0467
S2/telemetry random B=500: recall med=0.148 HV med=0.882 IGD+ med=0.0602
S2/telemetry nsga2 B=500: recall med=0.685 HV med=0.981 IGD+ med=0.0081
S2/telemetry random B=1000: recall med=0.259 HV med=0.927 IGD+ med=0.0388
S2/telemetry nsga2 B=1000: recall med=0.926 HV med=0.999 IGD+ med=0.0002
S2/telemetry HCA-DSE: n_eval=44 recall=1.0 (exact=True)
S2/control random B=100: recall med=0.040 HV med=0.652 IGD+ med=0.1598
S2/control nsga2 B=100: recall med=0.020 HV med=0.594 IGD+ med=0.1519
S2/control random B=250: recall med=0.080 HV med=0.791 IGD+ med=0.1056
S2/control nsga2 B=250: recall med=0.320 HV med=0.902 IGD+ med=0.0373
S2/control random B=500: recall med=0.120 HV med=0.875 IGD+ med=0.0556
S2/control nsga2 B=500: recall med=0.720 HV med=0.993 IGD+ med=0.0065
S2/control random B=1000: recall med=0.240 HV med=0.922 IGD+ med=0.0377
S2/control nsga2 B=1000: recall med=0.800 HV med=0.999 IGD+ med=0.0030
S2/control HCA-DSE: n_eval=37 recall=1.0 (exact=True)
S2/sensing random B=100: recall med=0.031 HV med=0.359 IGD+ med=0.2624
S2/sensing nsga2 B=100: recall med=0.000 HV med=0.271 IGD+ med=0.3183
S2/sensing random B=250: recall med=0.062 HV med=0.750 IGD+ med=0.1344
S2/sensing nsga2 B=250: recall med=0.250 HV med=0.725 IGD+ med=0.0983
S2/sensing random B=500: recall med=0.156 HV med=0.849 IGD+ med=0.0859
S2/sensing nsga2 B=500: recall med=0.625 HV med=0.941 IGD+ med=0.0172
S2/sensing random B=1000: recall med=0.250 HV med=0.897 IGD+ med=0.0626
S2/sensing nsga2 B=1000: recall med=0.875 HV med=1.000 IGD+ med=0.0017
S2/sensing HCA-DSE: n_eval=26 recall=1.0 (exact=True)
S3/telemetry random B=100: recall med=0.000 HV med=0.372 IGD+ med=0.3783
S3/telemetry nsga2 B=100: recall med=0.000 HV med=0.072 IGD+ med=0.4807
S3/telemetry random B=250: recall med=0.000 HV med=0.546 IGD+ med=0.2558
S3/telemetry nsga2 B=250: recall med=0.032 HV med=0.324 IGD+ med=0.2723
S3/telemetry random B=500: recall med=0.000 HV med=0.613 IGD+ med=0.1827
S3/telemetry nsga2 B=500: recall med=0.258 HV med=0.763 IGD+ med=0.1132
S3/telemetry random B=1000: recall med=0.032 HV med=0.732 IGD+ med=0.1147
S3/telemetry nsga2 B=1000: recall med=0.500 HV med=0.946 IGD+ med=0.0454
S3/telemetry HCA-DSE: n_eval=50 recall=1.0 (exact=True)
S3/control random B=100: recall med=0.000 HV med=0.365 IGD+ med=0.4042
S3/control nsga2 B=100: recall med=0.000 HV med=0.114 IGD+ med=0.4329
S3/control random B=250: recall med=0.000 HV med=0.525 IGD+ med=0.2933
S3/control nsga2 B=250: recall med=0.037 HV med=0.575 IGD+ med=0.2181
S3/control random B=500: recall med=0.000 HV med=0.609 IGD+ med=0.1771
S3/control nsga2 B=500: recall med=0.352 HV med=0.888 IGD+ med=0.0427
S3/control random B=1000: recall med=0.000 HV med=0.725 IGD+ med=0.1189
S3/control nsga2 B=1000: recall med=0.648 HV med=0.984 IGD+ med=0.0236
S3/control HCA-DSE: n_eval=41 recall=1.0 (exact=True)
S3/sensing random B=100: recall med=0.000 HV med=0.045 IGD+ med=0.5753
S3/sensing nsga2 B=100: recall med=0.000 HV med=0.030 IGD+ med=0.6768
S3/sensing random B=250: recall med=0.000 HV med=0.311 IGD+ med=0.3251
S3/sensing nsga2 B=250: recall med=0.018 HV med=0.126 IGD+ med=0.3325
S3/sensing random B=500: recall med=0.000 HV med=0.446 IGD+ med=0.2306
S3/sensing nsga2 B=500: recall med=0.204 HV med=0.713 IGD+ med=0.2267
S3/sensing random B=1000: recall med=0.000 HV med=0.658 IGD+ med=0.1569
S3/sensing nsga2 B=1000: recall med=0.741 HV med=0.951 IGD+ med=0.1677
S3/sensing HCA-DSE: n_eval=43 recall=1.0 (exact=True)
written results/e3_baselines.csv
